ARGV_Test
Basic_Types_Test
Bound_Ptr_Test
chorus/Env_Value_Test
Capabilities_Test
Config_Test
Atomic_Op_Test
Auto_IncDec_Test
Object_Manager_Test
CDR_Array_Test
CDR_File_Test
CDR_Test
Dirent_Test
Semaphore_Test
TSS_Test
Log_Msg_Test
Timeprobe_Test
Time_Value_Test
High_Res_Timer_Test
SString_Test
Collection_Test
Unicos/libDLL_Test/DLL_Test
OTHER/chorus/LynxOS/Unicos/Naming_Test
Handle_Set_Test
OrdMultiSet_Test
chorus/Unicos/Mem_Map_Test
MEM_Stream_Test
Malloc_Test
Unicos/SV_Shared_Memory_Test
chorus/Unicos/MM_Shared_Memory_Test
DISABLED/Signal_Test
Sigset_Ops_Test
Timer_Queue_Test
DISABLED/MT_Reactor_Timer_Test
SOCK_Connector_Test
LynxOS/SOCK_Send_Recv_Test
Task_Test
Unicos/Thread_Manager_Test
DISABLED/Process_Manager_Test
LynxOS/Thread_Pool_Test
Future_Test
Future_Set_Test
RB_Tree_Test
Reactors_Test
Reactor_Exceptions_Test
Reactor_Notify_Test
Reactor_Dispatch_Order_Test
Reactor_Timer_Test
chorus/Reactor_Performance_Test
Notify_Performance_Test
Reader_Writer_Test
chorus/Priority_Reactor_Test
chorus/SOCK_Test
chorus/MT_SOCK_Test
SPIPE_Test
UPIPE_SAP_Test
Barrier_Test
Svc_Handler_Test
Buffer_Stream_Test
Priority_Buffer_Test
Dynamic_Priority_Test
Recursive_Mutex_Test
Reverse_Lock_Test
DISABLED/netsvcs_main/TOKEN/chorus/Unicos/Time_Service_Test
DISABLED/TOKEN/chorus/Unicos/Tokens_Test
Cache_Map_Manager_Test
LynxOS/Cached_Conn_Test
Cached_Accept_Conn_Test
Map_Manager_Test
Hash_Map_Manager_Test
Lazy_Map_Manager_Test
Hash_Map_Bucket_Iterator_Test
Map_Test
Message_Queue_Notifications_Test
chorus/Message_Queue_Test
chorus/Message_Queue_Test_Ex
chorus/Simple_Message_Block_Test
chorus/Message_Block_Test
chorus/Pipe_Test
chorus/Process_Mutex_Test
chorus/Thread_Mutex_Test
chorus/LynxOS/Process_Strategy_Test
Service_Config_Test
Unicos/Priority_Task_Test
IOStream_Test
Enum_Interfaces_Test
chorus/Upgradable_RW_Test
chorus/Conn_Test
DISABLED/New_Fail_Test
OS_Test
Refcounted_Auto_Ptr_Test
