                                     Profile for 10000 calls

Function name         %      self+desc.          mean     max      min     std.
                     time       ms       calls  ms/call ms/call  ms/call   err
________________________________________________________________________________
mutex_unlock         1.18      191.077  54588    0.004    1.158    0.003   0.000
mutex_lock           1.18      190.652  54587    0.003    0.198    0.003   0.000
rw_rdlock            0.29       46.844   6823    0.007    0.173    0.004   0.000
rw_unlock            0.18       28.419   6823    0.004    0.064    0.004   0.000

                                     Profile for 20000 calls

Function name         %      self+desc.          mean     max      min     std.
                     time       ms       calls  ms/call ms/call  ms/call   err
________________________________________________________________________________
mutex_lock           1.12      154.491  54507    0.003    0.140    0.002   0.000
mutex_unlock         1.06      145.638  54508    0.003    0.310    0.002   0.000
rw_rdlock            0.27       37.265   6813    0.005    0.037    0.004   0.000
rw_unlock            0.20       27.792   6813    0.004    0.045    0.004   0.000

                                     Profile for 30000 calls

Function name         %      self+desc.          mean     max      min     std.
                     time       ms       calls  ms/call ms/call  ms/call   err
________________________________________________________________________________
mutex_lock           1.19      150.344  54654    0.003    0.621    0.002   0.000
mutex_unlock         1.15      144.776  54655    0.003    0.071    0.002   0.000
rw_rdlock            0.27       33.772   6832    0.005    0.078    0.004   0.000
rw_unlock            0.19       23.613   6832    0.003    0.105    0.003   0.000

                                     Profile for 40000 calls

Function name         %      self+desc.          mean     max      min     std.
                     time       ms       calls  ms/call ms/call  ms/call   err
________________________________________________________________________________
mutex_unlock         1.48      209.259  54770    0.004   18.223    0.002   0.000
mutex_lock           1.46      206.619  54769    0.004   10.473    0.002   0.000
rw_rdlock            0.78      110.047   6846    0.016   38.115    0.003   0.006
rw_unlock            0.17       23.844   6846    0.003    0.112    0.003   0.000
