                                     Profile for 100 calls

Function name         %      self+desc.          mean     max      min     std.
                     time       ms       calls  ms/call ms/call  ms/call   err
________________________________________________________________________________
mutex_lock           0.02        3.568   1125    0.003    0.158    0.002   0.000
mutex_unlock         0.02        3.277   1125    0.003    0.146    0.002   0.000
rw_rdlock            0.01        0.807    107    0.008    0.174    0.005   0.002
rw_unlock            0.00        0.490    111    0.004    0.033    0.004   0.000
rw_wrlock            0.00        0.047      4    0.012    0.032    0.005   0.006

                                     Profile for 200 calls

Function name         %      self+desc.          mean     max      min     std.
                     time       ms       calls  ms/call ms/call  ms/call   err
________________________________________________________________________________
mutex_lock           0.09        6.275   1925    0.003    0.155    0.002   0.000
mutex_unlock         0.08        5.736   1925    0.003    0.173    0.002   0.000
rw_rdlock            0.02        1.466    207    0.007    0.177    0.004   0.001
rw_unlock            0.01        0.894    211    0.004    0.033    0.004   0.000
rw_wrlock            0.00        0.048      4    0.012    0.032    0.005   0.006

                                     Profile for 300 calls

Function name         %      self+desc.          mean     max      min     std.
                     time       ms       calls  ms/call ms/call  ms/call   err
________________________________________________________________________________
mutex_lock           0.80       28.228   2725    0.010   19.648    0.002   0.007
mutex_unlock         0.23        8.103   2725    0.003    0.160    0.002   0.000
rw_rdlock            0.06        2.182    307    0.007    0.168    0.005   0.001
rw_unlock            0.04        1.390    311    0.004    0.032    0.004   0.000
rw_wrlock            0.00        0.047      4    0.012    0.032    0.004   0.006

                                     Profile for 400 calls

Function name         %      self+desc.          mean     max      min     std.
                     time       ms       calls  ms/call ms/call  ms/call   err
________________________________________________________________________________
mutex_unlock         0.21       10.868   3525    0.003    0.157    0.002   0.000
mutex_lock           0.20       10.801   3525    0.003    0.221    0.002   0.000
rw_rdlock            0.06        3.012    407    0.007    0.168    0.005   0.001
rw_unlock            0.04        1.889    411    0.005    0.035    0.004   0.000
rw_wrlock            0.00        0.048      4    0.012    0.034    0.004   0.006
