TAO/DevGuideExamples/BiDirectionalGIOP/run_test.pl: !MINIMUM !CORBA_E_MICRO
TAO/DevGuideExamples/EventServices/OMG_Basic/run_test.pl: !MINIMUM
TAO/DevGuideExamples/EventServices/OMG_SupplierSideEC/run_test.pl: !MINIMUM !NO_MESSAGING
TAO/DevGuideExamples/EventServices/OMG_TypedEC/run_test.pl: !MINIMUM
TAO/DevGuideExamples/EventServices/RTEC_Basic/run_test.pl: !NO_MESSAGING
TAO/DevGuideExamples/EventServices/RTEC_Federated/run_test.pl: !ST !NO_MESSAGING
TAO/DevGuideExamples/EventServices/RTEC_Filter/run_test.pl: !NO_MESSAGING
TAO/DevGuideExamples/EventServices/RTEC_MCast_Federated/run_test.pl: !NO_MCAST !NO_MESSAGING
TAO/DevGuideExamples/GettingStarted/run_test.pl:
TAO/DevGuideExamples/ImplRepo/run_test.pl: !MINIMUM !STATIC !CORBA_E_MICRO
TAO/DevGuideExamples/InterfaceRepo/run_test.pl: !MINIMUM !NO_IFR
TAO/DevGuideExamples/LocalObjects/Messenger/run_test.pl:
TAO/DevGuideExamples/LocalObjects/ServantLocator/run_test.pl: !MINIMUM
TAO/DevGuideExamples/Messaging/AMIcallback/run_test.pl: !NO_MESSAGING
TAO/DevGuideExamples/Messaging/RelativeRoundtripTimeout/run_test.pl: !NO_MESSAGING
TAO/DevGuideExamples/NamingService/Messenger/run_test.pl:
TAO/DevGuideExamples/NamingService/Naming_Client/run_test.pl:
TAO/DevGuideExamples/NamingService/Naming_Context_Ext/run_test.pl:
TAO/DevGuideExamples/NamingService/Naming_Server/run_test.pl: !ST !NO_MCAST !NO_MESSAGING
TAO/DevGuideExamples/NamingService/corbaloc_Messenger/run_test.pl:
TAO/DevGuideExamples/NamingService/corbaname_Messenger/run_test.pl:
TAO/DevGuideExamples/NotifyService/EventSequence/run_test.pl: !ST !MINIMUM
TAO/DevGuideExamples/NotifyService/Filtering/run_test.pl: !ST !MINIMUM
TAO/DevGuideExamples/NotifyService/Messenger/run_test.pl: !ST !MINIMUM
TAO/DevGuideExamples/NotifyService/OfferSubscriptions/run_test.pl: !ST !MINIMUM
TAO/DevGuideExamples/NotifyService/QoSProperties/run_test.pl: !ST !MINIMUM
TAO/DevGuideExamples/NotifyService/SupplierSideNC/run_test.pl: !MINIMUM
TAO/DevGuideExamples/NotifyService/RTNotify/run_test.pl: !ST !MINIMUM !STATIC
TAO/DevGuideExamples/PortableInterceptors/Auth/run_test.pl: !MINIMUM !DISABLE_INTERCEPTORS
TAO/DevGuideExamples/PortableInterceptors/IOR/run_test.pl: !MINIMUM !DISABLE_INTERCEPTORS
TAO/DevGuideExamples/PortableInterceptors/PICurrent/run_test.pl: !MINIMUM !DISABLE_INTERCEPTORS
TAO/DevGuideExamples/PortableInterceptors/PICurrent_NameService/run_test.pl: !MINIMUM !DISABLE_INTERCEPTORS
TAO/DevGuideExamples/PortableInterceptors/SimpleCodec/run_test.pl: !MINIMUM !DISABLE_INTERCEPTORS
TAO/DevGuideExamples/RTCORBA/run_test.pl: !MINIMUM !CORBA_E_COMPACT !CORBA_E_MICRO !ST !STATIC
TAO/DevGuideExamples/Security/ParticipatingApp/run_test.pl: SSL !STATIC !DISABLE_INTERCEPTORS
TAO/DevGuideExamples/Security/PolicyControllingApp/run_test.pl: SSL !STATIC !DISABLE_INTERCEPTORS
TAO/DevGuideExamples/Security/SecurityUnawareApp/run_test.pl: SSL !STATIC !DISABLE_INTERCEPTORS
TAO/DevGuideExamples/SmartProxies/run_test.pl: !NO_SMARTPROXIES !NO_MESSAGING
TAO/DevGuideExamples/Multithreading/Reactive/run_test.pl: !STATIC !MINIMUM
TAO/DevGuideExamples/Multithreading/ThreadPerConnection/run_test.pl: !ST
TAO/DevGuideExamples/Multithreading/ThreadPool/run_test.pl: !ST !MINIMUM
TAO/DevGuideExamples/ValueTypes/Messenger/run_test.pl: !MINIMUM
TAO/DevGuideExamples/ValueTypes/Notify/run_test.pl: !ST !MINIMUM
TAO/DevGuideExamples/ValueTypes/Bank/run_test.pl: !MINIMUM
TAO/DevGuideExamples/AMH/run_test.pl: !NO_MESSAGING
TAO/DevGuideExamples/AMH_AMI/run_test.pl: !NO_MESSAGING
TAO/DevGuideExamples/CIAO/Messenger/descriptors/run_test.pl: CIAO
